<html>
<body>
<pre>
<h1>µVision Build Log</h1>
<h2>Tool Versions:</h2>
IDE-Version: ¦ÌVision V5.38.0.0
Copyright (C) 2022 ARM Ltd and ARM Germany GmbH. All rights reserved.
License Information: sda Lenovo, sf, LIC=MPPLD-8D7F1-Y8PFK-ZWCU4-0VQYU-ZD14L
 
Tool Versions:
Toolchain:       MDK-ARM Plus  Version: 5.38.0.0
Toolchain Path:  D:\keil5\ARM\ARMCC\Bin
C Compiler:      Armcc.exe V5.06 update 7 (build 960)
Assembler:       Armasm.exe V5.06 update 7 (build 960)
Linker/Locator:  ArmLink.exe V5.06 update 7 (build 960)
Library Manager: ArmAr.exe V5.06 update 7 (build 960)
Hex Converter:   FromElf.exe V5.06 update 7 (build 960)
CPU DLL:         SARMCM3.DLL V5.38.0.0
Dialog DLL:      DARMCM1.DLL V1.19.6.0
Target DLL:      CMSIS_AGDI.dll V1.33.15.0
Dialog DLL:      TARMCM1.DLL V1.14.6.0
 
<h2>Project:</h2>
C:\Users\Lenovo\Documents\GitHub\-\MDK-ARM\fly.uvprojx
Project File Date:  04/29/2026

<h2>Output:</h2>
*** Using Compiler 'V5.06 update 7 (build 960)', folder: 'D:\keil5\ARM\ARMCC\Bin'
Build target 'fly'
compiling motor.c...
compiling main.c...
compiling elrs.c...
..\user\module\elrs\elrs.c(105): warning:  #177-D: function "int8_Map_with_median"  was declared but never referenced
  static inline uint8_t int8_Map_with_median(uint16_t x,
..\user\module\elrs\elrs.c: 1 warning, 0 errors
linking...
Program Size: Code=14640 RO-data=360 RW-data=44 ZI-data=1860  
FromELF: creating hex file...
"fly\fly.axf" - 0 Error(s), 1 Warning(s).

<h2>Software Packages used:</h2>

Package Vendor: ARM
                http://www.keil.com/pack/ARM.CMSIS.5.9.0.pack
                ARM.CMSIS.5.9.0
                CMSIS (Common Microcontroller Software Interface Standard)
   * Component: CORE Version: 5.6.0

Package Vendor: Keil
                http://www.keil.com/pack/Keil.STM32G0xx_DFP.1.4.0.pack
                Keil.STM32G0xx_DFP.1.4.0
                STMicroelectronics STM32G0 Series Device Support

<h2>Collection of Component include folders:</h2>
  ./RTE/_fly
  D:/keil5/packs/ARM/CMSIS/5.9.0/CMSIS/Core/Include
  D:/keil5/packs/Keil/STM32G0xx_DFP/1.4.0/Drivers/CMSIS/Device/ST/STM32G0xx/Include

<h2>Collection of Component Files used:</h2>

   * Component: ARM::CMSIS:CORE:5.6.0
      Include file:  CMSIS/Core/Include/tz_context.h
Build Time Elapsed:  00:00:01
</pre>
</body>
</html>
